
> engineering-knowledge-base@1.0.0 build
> DOCUSAURUS_IGNORE_SSG_WARNINGS=true docusaurus build

[INFO] [en] Creating an optimized production build...
[WARNING] {"message":"  ⚠ Critical dependency: require function is used in a way in which dependencies cannot be statically extracted\n   ╭─[3:24]\n 1 │ (function (factory) {\n 2 │     if (typeof module === \"object\" && typeof module.exports === \"object\") {\n 3 │         var v = factory(require, exports);\n   ·                         ───────\n 4 │         if (v !== undefined) module.exports = v;\n 5 │     }\n   ╰────\n","moduleIdentifier":"/Users/lukhuong/Desktop/docusaurus-knowledge-base-template/node_modules/vscode-languageserver-types/lib/umd/main.js","moduleName":"./node_modules/vscode-languageserver-types/lib/umd/main.js","loc":"3:25-31","compilerPath":"server"}

[ERROR] Error: Unable to build website for locale en.
    at tryToBuildLocale (/Users/lukhuong/Desktop/docusaurus-knowledge-base-template/node_modules/@docusaurus/core/lib/commands/build/build.js:76:15)
    at async /Users/lukhuong/Desktop/docusaurus-knowledge-base-template/node_modules/@docusaurus/core/lib/commands/build/build.js:34:9
    at async mapAsyncSequential (/Users/lukhuong/Desktop/docusaurus-knowledge-base-template/node_modules/@docusaurus/utils/lib/jsUtils.js:21:24)
    at async Command.build (/Users/lukhuong/Desktop/docusaurus-knowledge-base-template/node_modules/@docusaurus/core/lib/commands/build/build.js:33:5)
    at async Promise.all (index 0)
    at async runCLI (/Users/lukhuong/Desktop/docusaurus-knowledge-base-template/node_modules/@docusaurus/core/lib/commands/cli.js:56:5)
    at async file:///Users/lukhuong/Desktop/docusaurus-knowledge-base-template/node_modules/@docusaurus/core/bin/docusaurus.mjs:44:3 {
  [cause]: Error: Docusaurus found broken links!
  
  Please check the pages of your site in the list below, and make sure you don't reference any path that does not exist.
  Note: it's possible to ignore broken links with the 'onBrokenLinks' Docusaurus configuration, and let the build pass.
  
  Exhaustive list of all broken links found:
  - Broken link on source page path = /intro:
     -> linking to ./oop/concepts (resolved as: /oop/concepts)
     -> linking to ./oop/principles (resolved as: /oop/principles)
     -> linking to ./design-patterns/overview (resolved as: /design-patterns/overview)
     -> linking to ./design-patterns/creational (resolved as: /design-patterns/creational)
     -> linking to ./design-patterns/structural (resolved as: /design-patterns/structural)
     -> linking to ./design-patterns/behavioral (resolved as: /design-patterns/behavioral)
     -> linking to ./concurrency/correctness (resolved as: /concurrency/correctness)
     -> linking to ./concurrency/coordination (resolved as: /concurrency/coordination)
     -> linking to ./concurrency/scarcity (resolved as: /concurrency/scarcity)
     -> linking to ./problems/parking-lot (resolved as: /problems/parking-lot)
     -> linking to ./problems/rate-limiter (resolved as: /problems/rate-limiter)
  - Broken link on source page path = /technical-knowledge/low-level-design/concurrency/scarcity:
     -> linking to ../problems/connect-four (resolved as: /technical-knowledge/low-level-design/problems/connect-four)
  
      at throwError (/Users/lukhuong/Desktop/docusaurus-knowledge-base-template/node_modules/@docusaurus/logger/lib/logger.js:80:11)
      at reportBrokenLinks (/Users/lukhuong/Desktop/docusaurus-knowledge-base-template/node_modules/@docusaurus/core/lib/server/brokenLinks.js:250:47)
      at handleBrokenLinks (/Users/lukhuong/Desktop/docusaurus-knowledge-base-template/node_modules/@docusaurus/core/lib/server/brokenLinks.js:282:5)
      at executeBrokenLinksCheck (/Users/lukhuong/Desktop/docusaurus-knowledge-base-template/node_modules/@docusaurus/core/lib/commands/build/buildLocale.js:123:47)
      at /Users/lukhuong/Desktop/docusaurus-knowledge-base-template/node_modules/@docusaurus/core/lib/commands/build/buildLocale.js:98:67
      at Object.async (/Users/lukhuong/Desktop/docusaurus-knowledge-base-template/node_modules/@docusaurus/logger/lib/perfLogger.js:42:47)
      at buildLocale (/Users/lukhuong/Desktop/docusaurus-knowledge-base-template/node_modules/@docusaurus/core/lib/commands/build/buildLocale.js:98:31)
      at async runBuildLocaleTask (/Users/lukhuong/Desktop/docusaurus-knowledge-base-template/node_modules/@docusaurus/core/lib/commands/build/build.js:91:5)
      at async /Users/lukhuong/Desktop/docusaurus-knowledge-base-template/node_modules/@docusaurus/core/lib/commands/build/build.js:72:13
      at async tryToBuildLocale (/Users/lukhuong/Desktop/docusaurus-knowledge-base-template/node_modules/@docusaurus/core/lib/commands/build/build.js:68:9)
}
[INFO] Docusaurus version: 3.10.1
Node version: v22.16.0
